V3 20
FL //VBOXSVR/vhdl/practica_video_imagen/VGA_256_COLORES/clkdiv.vhd 2017/03/17.10:25:20 P.20131013
EN work/clkdiv 1491764539 \
      FL //VBOXSVR/vhdl/practica_video_imagen/VGA_256_COLORES/clkdiv.vhd \
      PB ieee/std_logic_1164 1381692176 PB ieee/NUMERIC_STD 1381692181 \
      PB ieee/STD_LOGIC_UNSIGNED 1381692179
AR work/clkdiv/Behavioral 1491764540 \
      FL //VBOXSVR/vhdl/practica_video_imagen/VGA_256_COLORES/clkdiv.vhd \
      EN work/clkdiv 1491764539
FL //VBOXSVR/vhdl/practica_video_imagen/VGA_256_COLORES/costal.vhd 2017/04/09.13:32:19 P.20131013
PH work/costal 1491764538 \
      FL //VBOXSVR/vhdl/practica_video_imagen/VGA_256_COLORES/costal.vhd \
      PB ieee/std_logic_1164 1381692176 CD vga_640x480 CD vga_stripes CD clkdiv
FL //VBOXSVR/vhdl/practica_video_imagen/VGA_256_COLORES/principal.vhd 2017/04/09.13:33:40 P.20131013
EN work/principal 1491764545 \
      FL //VBOXSVR/vhdl/practica_video_imagen/VGA_256_COLORES/principal.vhd \
      PB ieee/std_logic_1164 1381692176 PH work/costal 1491764538
AR work/principal/Behavioral 1491764546 \
      FL //VBOXSVR/vhdl/practica_video_imagen/VGA_256_COLORES/principal.vhd \
      EN work/principal 1491764545 CP clkdiv CP vga_640x480 CP vga_stripes
FL //VBOXSVR/vhdl/practica_video_imagen/VGA_256_COLORES/vga_640x480.vhd 2017/04/09.01:11:41 P.20131013
EN work/vga_640x480 1491764541 \
      FL //VBOXSVR/vhdl/practica_video_imagen/VGA_256_COLORES/vga_640x480.vhd \
      PB ieee/std_logic_1164 1381692176 PB ieee/NUMERIC_STD 1381692181 \
      PB ieee/STD_LOGIC_UNSIGNED 1381692179
AR work/vga_640x480/Behavioral 1491764542 \
      FL //VBOXSVR/vhdl/practica_video_imagen/VGA_256_COLORES/vga_640x480.vhd \
      EN work/vga_640x480 1491764541
FL //VBOXSVR/vhdl/practica_video_imagen/VGA_256_COLORES/vga_stripes.vhd 2017/04/09.14:01:45 P.20131013
EN work/vga_stripes 1491764543 \
      FL //VBOXSVR/vhdl/practica_video_imagen/VGA_256_COLORES/vga_stripes.vhd \
      PB ieee/std_logic_1164 1381692176 PB ieee/NUMERIC_STD 1381692181 \
      PB ieee/STD_LOGIC_UNSIGNED 1381692179
AR work/vga_stripes/Behavioral 1491764544 \
      FL //VBOXSVR/vhdl/practica_video_imagen/VGA_256_COLORES/vga_stripes.vhd \
      EN work/vga_stripes 1491764543
