EN plot NULL //VBOXSVR/vhdl/practica_video_imagen/Escribir_Pixel/vgaplot/plot.vhd sub00/vhpl15 1493391230
EN mux2 NULL //VBOXSVR/vhdl/practica_video_imagen/Escribir_Pixel/vgaplot/mux2.vhd sub00/vhpl17 1493391232
EN mux2g NULL //VBOXSVR/vhdl/practica_video_imagen/Escribir_Pixel/vgaplot/mux2g.vhd sub00/vhpl13 1493391228
AR mux2 behavioral //VBOXSVR/vhdl/practica_video_imagen/Escribir_Pixel/vgaplot/mux2.vhd sub00/vhpl18 1493391233
AR debounce4 behavioral //VBOXSVR/vhdl/practica_video_imagen/Escribir_Pixel/vgaplot/debounce4.vhd sub00/vhpl12 1493391227
AR vga_640x480 behavioral //VBOXSVR/vhdl/practica_video_imagen/Escribir_Pixel/vgaplot/vga_640x480.vhd sub00/vhpl04 1493391219
EN buff3 NULL //VBOXSVR/vhdl/practica_video_imagen/Escribir_Pixel/vgaplot/buff3.vhd sub00/vhpl07 1493391222
EN clkdiv NULL //VBOXSVR/vhdl/practica_video_imagen/Escribir_Pixel/vgaplot/clkdiv.vhd sub00/vhpl01 1493391216
EN vga_ram NULL //VBOXSVR/vhdl/practica_video_imagen/Escribir_Pixel/vgaplot/vga_ram.vhd sub00/vhpl05 1493391220
AR mux2g behavioral //VBOXSVR/vhdl/practica_video_imagen/Escribir_Pixel/vgaplot/mux2g.vhd sub00/vhpl14 1493391229
EN vga_640x480 NULL //VBOXSVR/vhdl/practica_video_imagen/Escribir_Pixel/vgaplot/vga_640x480.vhd sub00/vhpl03 1493391218
EN debounce4 NULL //VBOXSVR/vhdl/practica_video_imagen/Escribir_Pixel/vgaplot/debounce4.vhd sub00/vhpl11 1493391226
EN plotdot_top NULL //VBOXSVR/vhdl/practica_video_imagen/Escribir_Pixel/vgaplot/plotdot_top.vhd sub00/vhpl19 1493391234
EN clrscr NULL //VBOXSVR/vhdl/practica_video_imagen/Escribir_Pixel/vgaplot/clrscr.vhd sub00/vhpl09 1493391224
AR clkdiv behavioral //VBOXSVR/vhdl/practica_video_imagen/Escribir_Pixel/vgaplot/clkdiv.vhd sub00/vhpl02 1493391217
AR plotdot_top behavioral //VBOXSVR/vhdl/practica_video_imagen/Escribir_Pixel/vgaplot/plotdot_top.vhd sub00/vhpl20 1493391235
AR plot behavioral //VBOXSVR/vhdl/practica_video_imagen/Escribir_Pixel/vgaplot/plot.vhd sub00/vhpl16 1493391231
AR clrscr behavioral //VBOXSVR/vhdl/practica_video_imagen/Escribir_Pixel/vgaplot/clrscr.vhd sub00/vhpl10 1493391225
PH vgacomp NULL //VBOXSVR/vhdl/practica_video_imagen/Escribir_Pixel/vgaplot/vgacomp.vhd sub00/vhpl00 1493391215
AR vga_ram behavioral //VBOXSVR/vhdl/practica_video_imagen/Escribir_Pixel/vgaplot/vga_ram.vhd sub00/vhpl06 1493391221
AR buff3 behavioral //VBOXSVR/vhdl/practica_video_imagen/Escribir_Pixel/vgaplot/buff3.vhd sub00/vhpl08 1493391223
